[Bootstrap]
SetupTitle=Install
SetupText=Copying Files, please stand by.
CabFile=penjualan.CAB
Spawn=Setup1.exe
Uninstal=st6unst.exe
TmpDir=msftqws.pdw
Cabs=1

[Bootstrap Files]
File1=@VB6STKIT.DLL,$(WinSysPathSysFile),,,6/18/98 12:00:00 AM,102912,6.0.81.69
File2=@COMCAT.DLL,$(WinSysPathSysFile),$(DLLSelfRegister),,5/31/98 12:00:00 AM,22288,4.71.1460.1
File3=@olepro32.dll,$(WinSysPathSysFile),$(DLLSelfRegister),,4/14/08 5:00:00 PM,84992,5.1.2600.5512
File4=@stdole2.tlb,$(WinSysPathSysFile),$(TLBRegister),,4/14/08 5:00:00 PM,16896,5.1.2600.5512
File5=@asycfilt.dll,$(WinSysPathSysFile),,,9/16/10 9:12:13 PM,65536,5.1.2600.5949
File6=@oleaut32.dll,$(WinSysPathSysFile),$(DLLSelfRegister),,4/14/08 5:00:00 PM,551936,5.1.2600.5512
File7=@msvbvm60.dll,$(WinSysPathSysFile),$(DLLSelfRegister),,4/14/08 5:00:00 PM,1384479,6.0.98.2

[IconGroups]
Group0=penjualan
PrivateGroup0=True
Parent0=$(Programs)

[penjualan]
Icon1="penjualan.exe"
Title1=penjualan
StartIn1=$(AppPath)

[Setup]
Title=penjualan
DefaultDir=$(ProgramFiles)\penjualan
AppExe=penjualan.exe
AppToUninstall=penjualan.exe

[Setup1 Files]
File1=@Mac.skn,$(AppPath)\skin,,,11/21/02 6:41:20 AM,96827,0.0.0.0
File2=@WINAQUA.SKN,$(AppPath)\skin,,,4/29/10 12:57:53 PM,175481,0.0.0.0
File3=@B-Studio.skn,$(AppPath)\skin,,,11/20/02 3:47:08 AM,445957,0.0.0.0
File4=@GREEN.SKN,$(AppPath)\skin,,,5/2/10 8:18:15 AM,370939,0.0.0.0
File5=@Penjualan.mdb,$(AppPath),,,5/31/12 11:03:25 PM,991232,0.0.0.0
File6=@MDAC_TYP.EXE,$(AppPath),,,6/26/98 12:00:00 AM,8124720,4.71.1015.0
File7=@MSCHRT20.OCX,$(WinSysPath),$(DLLSelfRegister),$(Shared),6/26/98 12:00:00 AM,1008432,6.0.81.77
File8=@MSCOMM32.OCX,$(WinSysPath),$(DLLSelfRegister),$(Shared),6/24/98 12:00:00 AM,103744,6.0.81.69
File9=@MSMASK32.OCX,$(WinSysPath),$(DLLSelfRegister),$(Shared),6/24/98 12:00:00 AM,166200,6.0.81.69
File10=@button.ocx,$(WinSysPath),$(DLLSelfRegister),$(Shared),1/3/07 5:29:18 AM,139264,1.0.0.2
File11=@DBLIST32.OCX,$(WinSysPath),$(DLLSelfRegister),$(Shared),6/24/98 12:00:00 AM,200496,6.0.81.69
File12=@u252000.dll,$(WinSysPath),,$(Shared),6/23/99 11:00:00 AM,55808,7.0.0.5
File13=@u2lsamp1.dll,$(AppPath),,,6/23/99 11:00:00 AM,27136,0.0.0.0
File14=@u2ldts.dll,$(AppPath),,,6/23/99 11:00:00 AM,38400,0.0.0.0
File15=@u2lcom.dll,$(WinSysPath),,$(Shared),6/23/99 11:00:00 AM,25088,7.0.100.0
File16=@u2l2000.dll,$(WinSysPath),,$(Shared),6/23/99 11:00:00 AM,56320,7.0.0.5
File17=@u25dts.dll,$(AppPath),,,6/23/99 11:00:00 AM,44544,0.0.0.0
File18=@u2fxls.dll,$(WinSysPath),,$(Shared),6/23/99 11:00:00 AM,126976,7.0.100.2
File19=@u2fwordw.dll,$(WinSysPath),,$(Shared),6/23/99 11:00:00 AM,59392,7.0.100.0
File20=@u2fwks.dll,$(WinSysPath),,$(Shared),6/23/99 11:00:00 AM,19968,7.0.100.0
File21=@u2ftext.dll,$(WinSysPath),,$(Shared),6/23/99 11:00:00 AM,50688,7.0.100.0
File22=@u2fsepv.dll,$(WinSysPath),,$(Shared),6/23/99 11:00:00 AM,17920,7.0.100.0
File23=@u2frtf.dll,$(WinSysPath),,$(Shared),6/23/99 11:00:00 AM,61952,7.0.100.0
File24=@u2frec.dll,$(WinSysPath),,$(Shared),6/23/99 11:00:00 AM,14336,7.0.100.0
File25=@u2fodbc.dll,$(WinSysPath),,$(Shared),6/23/99 11:00:00 AM,93184,7.0.0.16
File26=@u2fhtml.dll,$(WinSysPath),,$(Shared),6/23/99 11:00:00 AM,143872,7.0.100.0
File27=@u2fcr.dll,$(WinSysPath),,$(Shared),6/23/99 11:00:00 AM,8192,7.0.100.0
File28=@u2dapp.dll,$(WinSysPath),,$(Shared),6/23/99 11:00:00 AM,10240,7.0.100.0
File29=@u2dvim.dll,$(WinSysPath),,$(Shared),6/23/99 11:00:00 AM,32256,7.0.100.0
File30=@u2dpost.dll,$(WinSysPath),,$(Shared),6/23/99 11:00:00 AM,37888,7.0.100.0
File31=@u2dnotes.dll,$(WinSysPath),,$(Shared),6/23/99 11:00:00 AM,38400,7.0.100.0
File32=@u2dmapi.dll,$(WinSysPath),,$(Shared),6/23/99 11:00:00 AM,18432,7.0.100.0
File33=@u2ddisk.dll,$(WinSysPath),,$(Shared),6/23/99 11:00:00 AM,8704,7.0.100.0
File34=@p2soledb.dll,$(WinSysPath),,$(Shared),6/23/99 11:00:00 AM,171008,7.0.100.16
File35=@p2ssyb10.dll,$(WinSysPath),,$(Shared),6/23/99 11:00:00 AM,138240,7.0.100.1
File36=@p2ssql.dll,$(WinSysPath),,$(Shared),6/23/99 11:00:00 AM,140288,7.0.100.6
File37=@p2sora7.dll,$(WinSysPath),,$(Shared),6/23/99 11:00:00 AM,143360,7.0.100.1
File38=@p2sodbc.dll,$(WinSysPath),,$(Shared),1/26/00 8:05:54 PM,270336,8.0.0.84
File39=@p2smon.dll,$(WinSysPath),,$(Shared),6/22/99 1:00:00 AM,129024,7.0.100.3
File40=@p2sifmx.dll,$(WinSysPath),,$(Shared),6/23/99 11:00:00 AM,145408,7.0.100.2
File41=@p2irdao.dll,$(WinSysPath),,$(Shared),3/2/01 12:26:54 AM,65536,8.5.0.6
File42=@p2ctdao.dll,$(WinSysPath),,$(Shared),3/2/01 12:26:54 AM,53248,8.5.0.6
File43=@p2bxbse.dll,$(WinSysPath),,$(Shared),6/23/99 11:00:00 AM,199680,7.0.100.0
File44=@p2bdao.dll,$(WinSysPath),,$(Shared),3/2/01 12:26:54 AM,94208,8.5.0.7
File45=@p2bbnd.dll,$(WinSysPath),,$(Shared),8/11/00 12:46:00 PM,23040,8.0.0.1
File46=@p2bbde.dll,$(WinSysPath),,$(Shared),6/23/99 11:00:00 AM,143360,7.0.100.0
File47=@crxlat32.dll,$(WinSysPath),,$(Shared),6/23/99 11:00:00 AM,60416,7.0.0.0
File48=@mfc42.dll,$(WinSysPath),$(DLLSelfRegister),$(Shared),10/12/10 10:34:02 PM,974848,6.2.8073.0
File49=@msvcrt.dll,$(WinSysPath),,$(Shared),4/14/08 5:00:00 PM,343040,7.0.2600.5512
File50=@crpaig32.dll,$(WinSysPath),,$(Shared),6/23/99 11:00:00 AM,229888,5.0.0.2
File51=@implode.dll,$(AppPath),,,2/16/95 7:11:00 PM,17920,0.0.0.0
File52=@crpe32.dll,$(WinSysPath),,$(Shared),9/2/01 4:43:52 PM,4587577,8.5.0.217
File53=@crystl32.ocx,$(WinSysPath),$(DLLSelfRegister),$(Shared),10/13/99 2:47:28 AM,847324,8.0.0.4
File54=@vbskpro.ocx,$(WinSysPath),$(DLLSelfRegister),$(Shared),3/24/10 12:40:20 AM,958464,1.30.0.0
File55=@MSCOMCT2.OCX,$(WinSysPath),$(DLLSelfRegister),$(Shared),5/23/00 6:58:00 AM,647872,6.0.88.4
File56=@XPControls.ocx,$(WinSysPath),$(DLLSelfRegister),$(Shared),11/23/05 10:25:52 PM,385024,1.0.0.0
File57=@MSSTDFMT.DLL,$(WinSysPath),$(DLLSelfRegister),$(Shared),4/4/00 9:05:58 AM,118784,6.0.88.4
File58=@MSADODC.OCX,$(WinSysPath),$(DLLSelfRegister),$(Shared),6/24/98 12:00:00 AM,118064,6.0.81.71
File59=@MSDATGRD.OCX,$(WinSysPath),$(DLLSelfRegister),$(Shared),6/24/98 12:00:00 AM,260920,6.0.81.69
File60=@MSCOMCTL.OCX,$(WinSysPath),$(DLLSelfRegister),$(Shared),4/13/04 7:27:08 AM,1081616,6.1.97.82
File61=@tabctl32.ocx,$(WinSysPath),$(DLLSelfRegister),$(Shared),6/24/98 2:00:00 PM,209192,6.0.81.69
File62=@SSubTmr6.dll,$(WinSysPath),$(DLLSelfRegister),$(Shared),2/18/99 5:54:26 PM,40960,1.0.0.18
File63=@MSDBRPTR.DLL,$(WinSysPath),$(DLLSelfRegister),$(Shared),6/18/98 12:00:00 AM,299008,6.0.81.69
File64=@actrpt2.dll,$(WinSysPath),$(DLLSelfRegister),$(Shared),9/16/04 2:43:58 PM,1828464,2.0.0.1253
File65=@ACTSKIN4.OCX,$(WinSysPath),$(DLLSelfRegister),$(Shared),1/18/04 3:41:32 AM,239104,4.2.7.3
File66=@uxtheme.dll,$(WinSysPath),$(DLLSelfRegister),$(Shared),4/14/08 5:00:00 PM,218624,6.0.2900.5512
File67=@penjualan.exe,$(AppPath),,,6/1/12 9:58:16 AM,8081408,1.0.0.0

; The following lines may be deleted in order to obtain extra 
; space for customizing this file on a full installation diskette.
; 
; XXXXXXXXXXXXXXXXXXXXXXXXXXXXXXXXXXXXXXXXXXXXXXXXXXXXXXXXXXXX
; XXXXXXXXXXXXXXXXXXXXXXXXXXXXXXXXXXXXXXXXXXXXXXXXXXXXXXXXXXXX
; XXXXXXXXXXXXXXXXXXXXXXXXXXXXXXXXXXXXXXXXXXXXXXXXXXXXXXXXXXXX
; XXXXXXXXXXXXXXXXXXXXXXXXXXXXXXXXXXXXXXXXXXXXXXXXXXXXXXXXXXXX
; XXXXXXXXXXXXXXXXXXXXXXXXXXXXXXXXXXXXXXXXXXXXXXXXXXXXXXXXXXXX
; XXXXXXXXXXXXXXXXXXXXXXXXXXXXXXXXXXXXXXXXXXXXXXXXXXXXXXXXXXXX
; XXXXXXXXXXXXXXXXXXXXXXXXXXXXXXXXXXXXXXXXXXXXXXXXXXXXXXXXXXXX
; XXXXXXXXXXXXXXXXXXXXXXXXXXXXXXXXXXXXXXXXXXXXXXXXXXXXXXXXXXXX
; XXXXXXXXXXXXXXXXXXXXXXXXXXXXXXXXXXXXXXXXXXXXXXXXXXXXXXXXXXXX
; XXXXXXXXXXXXXXXXXXXXXXXXXXXXXXXXXXXXXXXXXXXXXXXXXXXXXXXXXXXX
; XXXXXXXXXXXXXXXXXXXXXXXXXXXXXXXXXXXXXXXXXXXXXXXXXXXXXXXXXXXX
; XXXXXXXXXXXXXXXXXXXXXXXXXXXXXXXXXXXXXXXXXXXXXXXXXXXXXXXXXXXX
; XXXXXXXXXXXXXXXXXXXXXXXXXXXXXXXXXXXXXXXXXXXXXXXXXXXXXXXXXXXX
; XXXXXXXXXXXXXXXXXXXXXXXXXXXXXXXXXXXXXXXXXXXXXXXXXXXXXXXXXXXX
; XXXXXXXXXXXXXXXXXXXXXXXXXXXXXXXXXXXXXXXXXXXXXXXXXXXXXXXXXXXX
; XXXXXXXXXXXXXXXXXXXXXXXXXXXXXXXXXXXXXXXXXXXXXXXXXXXXXXXXXXXX
; XXXXXXXXXXXXXXXXXXXXXXXXXXXXXXXXXXXXXXXXXXXXXXXXXXXXXXXXXXXX
; XXXXXXXXXXXXXXXXXXXXXXXXXXXXXXXXXXXXXXXXXXXXXXXXXXXXXXXXXXXX
; XXXXXXXXXXXXXXXXXXXXXXXXXXXXXXXXXXXXXXXXXXXXXXXXXXXXXXXXXXXX
; XXXXXXXXXXXXXXXXXXXXXXXXXXXXXXXXXXXXXXXXXXXXXXXXXXXXXXXXXXXX
; XXXXXXXXXXXXXXXXXXXXXXXXXXXXXXXXXXXXXXXXXXXXXXXXXXXXXXXXXXXX
; XXXXXXXXXXXXXXXXXXXXXXXXXXXXXXXXXXXXXXXXXXXXXXXXXXXXXXXXXXXX
; XXXXXXXXXXXXXXXXXXXXXXXXXXXXXXXXXXXXXXXXXXXXXXXXXXXXXXXXXXXX
; XXXXXXXXXXXXXXXXXXXXXXXXXXXXXXXXXXXXXXXXXXXXXXXXXXXXXXXXXXXX
; XXXXXXXXXXXXXXXXXXXXXXXXXXXXXXXXXXXXXXXXXXXXXXXXXXXXXXXXXXXX
; XXXXXXXXXXXXXXXXXXXXXXXXXXXXXXXXXXXXXXXXXXXXXXXXXXXXXXXXXXXX
; XXXXXXXXXXXXXXXXXXXXXXXXXXXXXXXXXXXXXXXXXXXXXXXXXXXXXXXXXXXX
; XXXXXXXXXXXXXXXXXXXXXXXXXXXXXXXXXXXXXXXXXXXXXXXXXXXXXXXXXXXX
; XXXXXXXXXXXXXXXXXXXXXXXXXXXXXXXXXXXXXXXXXXXXXXXXXXXXXXXXXXXX
; XXXXXXXXXXXXXXXXXXXXXXXXXXXXXXXXXXXXXXXXXXXXXXXXXXXXXXXXXXXX
; XXXXXXXXXXXXXXXXXXXXXXXXXXXXXXXXXXXXXXXXXXXXXXXXXXXXXXXXXXXX
; XXXXXXXXXXXXXXXXXXXXXXXXXXXXXXXXXXXXXXXXXXXXXXXXXXXXXXXXXXXX
; XXXXXXXXXXXXXXXXXXXXXXXXXXXXXXXXXXXXXXXXXXXXXXXXXXXXXXXXXXXX
; XXXXXXXXXXXXXXXXXXXXXXXXXXXXXXXXXXXXXXXXXXXXXXXXXXXXXXXXXXXX
; XXXXXXXXXXXXXXXXXXXXXXXXXXXXXXXXXXXXXXXXXXXXXXXXXXXXXXXXXXXX
